2025-06-07 01:58:15,918 - Main Logger - INFO - Clearing er2025-06-07 01:58:17,560 - Main Logger - ERROR - Error, cou2025-06-07 01:58:45,058 - Main Logger - ERROR - Audio Sync did not start
2025-06-07 01:58:45,062 - Main Logger - INFO - Starting Audio Sync
2025-06-07 01:58:45,080 - Main Logger - INFO - Starting Audio Sync
2025-06-07 01:58:45,081 - Main Logger - INFO - Starting Audio Sync
2025-06-07 01:58:45,083 - Main Logger - INFO - Starting Audio Sync
2025-06-07 01:58:45,089 - Main Logger - INFO - discover
2025-06-07 01:58:47,592 - Main Logger - INFO - Bulb discovery failed. Please ensure bulbs are connected to the same network as your computer.
uccess message
2025-06-07 01:58:21,211 - Main Logger - INFO - load home page
2025-06-07 01:58:21,312 - Main Logger - INFO - Clearing success message
2025-06-07 01:58:21,313 - Main Logger - INFO - Clearing error message
2025-06-07 01:58:22,539 - Main Logger - INFO - load FAQ page
2025-06-07 01:58:22,840 - Main Logger - INFO - Clearing success message
2025-06-07 01:58:22,849 - Main Logger - INFO - Clearing error message
2025-06-07 01:58:23,455 - Main Logger - INFO - load home page
2025-06-07 01:58:23,561 - Main Logger - INFO - Clearing error message
2025-06-07 01:58:23,567 - Main Logger - INFO - Clearing success message
2025-06-07 01:58:24,035 - Main Logger - INFO - load home page
2025-06-07 01:58:24,142 - Main Logger - INFO - Clearing success message
2025-06-07 01:58:24,144 - Main Logger - INFO - Clearing error message
2025-06-07 01:58:24,655 - Main Logger - INFO - load FAQ page
2025-06-07 01:58:24,711 - Main Log2025-06-07 01:58:27,060 - Main Logger - INFO - Bulb discovery failed. Please ensure bulbs are connected to the same network as your computer.
2025-06-07 01:58:27,123 - Main Logger - INFO - Clearing error message
2025-06-07 01:58:27,129 - Main Logger - INFO - Clearing success message
2025-06-07 01:58:27,746 - Main Logger - INFO - load home page
2025-06-07 01:58:27,884 - Main Logger - INFO - Clearing success message
2025-06-07 01:58:27,885 - Main Logger - INFO - Clearing error message
2025-06-07 01:58:28,554 - Main Logger - INFO - discover
2025-06-07 01:58:31,057 - Main Logger - INFO - Bulb discovery failed. Please ensure bulbs are connected to the same network as your computer.
2025-06-07 01:58:31,158 - Main Logger - INFO - Clearing error message
2025-06-07 01:58:31,161 - Main Logger - INFO - Clearing success message
2025-06-07 01:58:31,623 - Main Logger - INFO - discover
2025-06-07 01:58:34,126 - Main Logger - INFO - Bulb discovery failed. Please ensure bulbs are connected to the same network as your computer.
2025-06-07 01:58:34,223 - Main Logger - INFO - Clearing error message
2025-06-07 01:58:34,224 - Main Logger - INFO - Clearing success message
2025-06-07 01:58:34,732 - Main Logger - INFO - discover
2025-06-07 01:58:37,235 - Main Logger - INFO - Bulb discovery failed. Please ensure bulbs are connected to the same network as your computer.
2025-06-07 01:58:37,347 - Main Logger - INFO - Clearing error message
2025-06-07 01:58:37,349 - Main Logger - INFO - Clearing success message
6-07 01:58:30,660 - Main Logger - INFO - Clearing success message
